|
Akira@MBP new-api % ./crudapi mysql
main start... mysql
mysql-NewTodoRepository() called
--------------------
todo-app:todo-password@tcp(sample-api-db:3306)/todo?charset=utf8
--------------------
main http.HandleFunc(/todos/
server.ListenAndServe()
  C-c C-c^C
|
Akira@MBP new-api % mysql -u todo-app -p
Enter password: 
Welcome to the MySQL monitor.  Commands end with ; or \g.
Your MySQL connection id is 15
Server version: 8.0.25 Homebrew

Copyright (c) 2000, 2021, Oracle and/or its affiliates.

Oracle is a registered trademark of Oracle Corporation and/or its
affiliates. Other names may be trademarks of their respective
owners.

Type 'help;' or '\h' for help. Type '\c' to clear the current input statement.

mysql> create database todo;
ERROR 1044 (42000): Access denied for user 'todo-app'@'%' to database 'todo'
mysql> show databases;
+--------------------+
| Database           |
+--------------------+
| information_schema |
+--------------------+
1 row in set (0.01 sec)

mysql> exit;
Bye
|
Akira@MBP new-api % mysql -u root -p
Enter password: 
Welcome to the MySQL monitor.  Commands end with ; or \g.
Your MySQL connection id is 16
Server version: 8.0.25 Homebrew

Copyright (c) 2000, 2021, Oracle and/or its affiliates.

Oracle is a registered trademark of Oracle Corporation and/or its
affiliates. Other names may be trademarks of their respective
owners.

Type 'help;' or '\h' for help. Type '\c' to clear the current input statement.

mysql> grant all privileges on todo.* to todo-app;
ERROR 1064 (42000): You have an error in your SQL syntax; check the manual that corresponds to your MySQL server version for the right syntax to use near '-app' at line 1
mysql> GRANT ALL PRIVILEGES ON todo.* TO 'todo-app';
Query OK, 0 rows affected (0.00 sec)

mysql> ^DBye
|
Akira@MBP new-api % mysql -u todo-app -p
Enter password: 
Welcome to the MySQL monitor.  Commands end with ; or \g.
Your MySQL connection id is 17
Server version: 8.0.25 Homebrew

Copyright (c) 2000, 2021, Oracle and/or its affiliates.

Oracle is a registered trademark of Oracle Corporation and/or its
affiliates. Other names may be trademarks of their respective
owners.

Type 'help;' or '\h' for help. Type '\c' to clear the current input statement.

mysql> create database todo;
Query OK, 1 row affected (0.00 sec)

mysql> CREATE TABLE IF NOT EXISTS todo (
    id             BIGINT(20) UNSIGNED NOT NULL AUTO_INCREMENT PRIMARY KEY,
    title          VARCHAR(40) NOT NULL,
    content       VARCHAR(100) NOT NULL,
    created_at     TIMESTAMP NOT NULL DEFAULT current_timestamp,
    updated_at     TIMESTAMP NOT NULL DEFAULT current_timestamp ON UPDATE current_timestamp
);
CREATE TABLE IF NOT EXISTS todo (
    ->     id             BIGINT(20) UNSIGNED NOT NULL AUTO_INCREMENT PRIMARY KEY,
    ->     title          VARCHAR(40) NOT NULL,
    ->     content       VARCHAR(100) NOT NULL,
    ->     created_at     TIMESTAMP NOT NULL DEFAULT current_timestamp,
    ->     updated_at     TIMESTAMP NOT NULL DEFAULT current_timestamp ON UPDATE current_timestamp
    -> );
ERROR 1046 (3D000): No database selected
mysql> database todo;
ERROR 1064 (42000): You have an error in your SQL syntax; check the manual that corresponds to your MySQL server version for the right syntax to use near 'database todo' at line 1
mysql> show databases;
+--------------------+
| Database           |
+--------------------+
| information_schema |
| todo               |
+--------------------+
2 rows in set (0.00 sec)

mysql> todo;
ERROR 1064 (42000): You have an error in your SQL syntax; check the manual that corresponds to your MySQL server version for the right syntax to use near 'todo' at line 1
mysql> use todo;
Database changed
mysql> CREATE TABLE IF NOT EXISTS todo (
    id             BIGINT(20) UNSIGNED NOT NULL AUTO_INCREMENT PRIMARY KEY,
    title          VARCHAR(40) NOT NULL,
    content       VARCHAR(100) NOT NULL,
    created_at     TIMESTAMP NOT NULL DEFAULT current_timestamp,
    updated_at     TIMESTAMP NOT NULL DEFAULT current_timestamp ON UPDATE current_timestamp
);
CREATE TABLE IF NOT EXISTS todo (
    ->     id             BIGINT(20) UNSIGNED NOT NULL AUTO_INCREMENT PRIMARY KEY,
    ->     title          VARCHAR(40) NOT NULL,
    ->     content       VARCHAR(100) NOT NULL,
    ->     created_at     TIMESTAMP NOT NULL DEFAULT current_timestamp,
    ->     updated_at     TIMESTAMP NOT NULL DEFAULT current_timestamp ON UPDATE current_timestamp
    -> );
Query OK, 0 rows affected, 1 warning (0.01 sec)

mysql> show tables;
+----------------+
| Tables_in_todo |
+----------------+
| todo           |
+----------------+
1 row in set (0.01 sec)

mysql> select database();
+------------+
| database() |
+------------+
| todo       |
+------------+
1 row in set (0.00 sec)

mysql> show databases;
+--------------------+
| Database           |
+--------------------+
| information_schema |
| todo               |
+--------------------+
2 rows in set (0.00 sec)

mysql> show todo;
ERROR 1064 (42000): You have an error in your SQL syntax; check the manual that corresponds to your MySQL server version for the right syntax to use near 'todo' at line 1
mysql> show in todo;
ERROR 1064 (42000): You have an error in your SQL syntax; check the manual that corresponds to your MySQL server version for the right syntax to use near 'in todo' at line 1
mysql> SHOW FROM todo;
ERROR 1064 (42000): You have an error in your SQL syntax; check the manual that corresponds to your MySQL server version for the right syntax to use near 'FROM todo' at line 1
mysql> show columns from todo;
+------------+-----------------+------+-----+-------------------+-----------------------------------------------+
| Field      | Type            | Null | Key | Default           | Extra                                         |
+------------+-----------------+------+-----+-------------------+-----------------------------------------------+
| id         | bigint unsigned | NO   | PRI | NULL              | auto_increment                                |
| title      | varchar(40)     | NO   |     | NULL              |                                               |
| content    | varchar(100)    | NO   |     | NULL              |                                               |
| created_at | timestamp       | NO   |     | CURRENT_TIMESTAMP | DEFAULT_GENERATED                             |
| updated_at | timestamp       | NO   |     | CURRENT_TIMESTAMP | DEFAULT_GENERATED on update CURRENT_TIMESTAMP |
+------------+-----------------+------+-----+-------------------+-----------------------------------------------+
5 rows in set (0.00 sec)

mysql> exit;
Bye
|
|
|
Akira@MBP new-api % 

Process shell finished
